#-----------------------------------------------------------
# Webtalk v2020.3 (64-bit)
# SW Build 3173277 on Wed Apr  7 05:07:21 MDT 2021
# IP Build 3174024 on Wed Apr  7 23:42:35 MDT 2021
# Start of session at: Tue May 25 16:25:11 2021
# Process ID: 14858
# Current directory: /home/chris/hardDrive/work/tutoring/new viv prac test/prac4_2_default_board/prac4_2_default_board.sim/sim_1/behav/xsim
# Command line: wbtcv -mode batch -source /home/chris/hardDrive/work/tutoring/new viv prac test/prac4_2_default_board/prac4_2_default_board.sim/sim_1/behav/xsim/xsim.dir/testBench_behav/webtalk/xsim_webtalk.tcl -notrace
# Log file: /home/chris/hardDrive/work/tutoring/new viv prac test/prac4_2_default_board/prac4_2_default_board.sim/sim_1/behav/xsim/webtalk.log
# Journal file: /home/chris/hardDrive/work/tutoring/new viv prac test/prac4_2_default_board/prac4_2_default_board.sim/sim_1/behav/xsim/webtalk.jou
#-----------------------------------------------------------
source /home/chris/hardDrive/work/tutoring/new -notrace
